I'm sorry, but errors were detected in your script. Please correct the
errors listed below, and try again.


File "game/script.rpy", line 57: invalid syntax
        def add_paket(self, item)
    

Ren'Py Version: Ren'Py 8.0.3.22090809
Wed Jun 14 10:40:06 2023
